components/Layout.tsx(1,8): error TS1259: Module '"C:/Users/rdpal/Universidad/Kosteo/Kosteo9th/BackendKosteo/VersionFinalKosteo/kosteo-nextjs/node_modules/@types/react/index"' can only be default-imported using the 'esModuleInterop' flag
components/Layout.tsx(3,21): error TS6142: Module './Sidebar' was resolved to 'C:/Users/rdpal/Universidad/Kosteo/Kosteo9th/BackendKosteo/VersionFinalKosteo/kosteo-nextjs/components/Sidebar.tsx', but '--jsx' is not set.
components/Layout.tsx(18,16): error TS17004: Cannot use JSX unless the '--jsx' flag is provided.
components/Layout.tsx(26,9): error TS17004: Cannot use JSX unless the '--jsx' flag is provided.
components/Layout.tsx(27,13): error TS17004: Cannot use JSX unless the '--jsx' flag is provided.
components/Layout.tsx(28,13): error TS17004: Cannot use JSX unless the '--jsx' flag is provided.
components/Layout.tsx(29,17): error TS17004: Cannot use JSX unless the '--jsx' flag is provided.
components/Sidebar.tsx(1,8): error TS1259: Module '"C:/Users/rdpal/Universidad/Kosteo/Kosteo9th/BackendKosteo/VersionFinalKosteo/kosteo-nextjs/node_modules/@types/react/index"' can only be default-imported using the 'esModuleInterop' flag
components/Sidebar.tsx(25,9): error TS17004: Cannot use JSX unless the '--jsx' flag is provided.
components/Sidebar.tsx(26,13): error TS17004: Cannot use JSX unless the '--jsx' flag is provided.
components/Sidebar.tsx(27,17): error TS17004: Cannot use JSX unless the '--jsx' flag is provided.
components/Sidebar.tsx(30,34): error TS17004: Cannot use JSX unless the '--jsx' flag is provided.
components/Sidebar.tsx(32,13): error TS17004: Cannot use JSX unless the '--jsx' flag is provided.
components/Sidebar.tsx(33,17): error TS17004: Cannot use JSX unless the '--jsx' flag is provided.
components/Sidebar.tsx(35,25): error TS17004: Cannot use JSX unless the '--jsx' flag is provided.
components/Sidebar.tsx(41,29): error TS17004: Cannot use JSX unless the '--jsx' flag is provided.
components/Sidebar.tsx(42,46): error TS17004: Cannot use JSX unless the '--jsx' flag is provided.
components/Sidebar.tsx(47,13): error TS17004: Cannot use JSX unless the '--jsx' flag is provided.
components/Sidebar.tsx(48,32): error TS17004: Cannot use JSX unless the '--jsx' flag is provided.
components/Sidebar.tsx(48,61): error TS17004: Cannot use JSX unless the '--jsx' flag is provided.
node_modules/next/dist/build/templates/app-page.d.ts(3,25): error TS2307: Cannot find module 'VAR_MODULE_GLOBAL_ERROR' or its corresponding type declarations.
node_modules/next/dist/build/webpack-config.d.ts(10,104): error TS2694: Namespace '"C:/Users/rdpal/Universidad/Kosteo/Kosteo9th/BackendKosteo/VersionFinalKosteo/kosteo-nextjs/node_modules/next/dist/compiled/webpack/webpack".webpack' has no exported member 'RuleSetUseItem'.
node_modules/next/dist/build/webpack/loaders/next-app-loader/index.d.ts(1,13): error TS2613: Module '"C:/Users/rdpal/Universidad/Kosteo/Kosteo9th/BackendKosteo/VersionFinalKosteo/kosteo-nextjs/node_modules/next/dist/compiled/webpack/webpack"' has no default export. Did you mean to use 'import { webpack } from "C:/Users/rdpal/Universidad/Kosteo/Kosteo9th/BackendKosteo/VersionFinalKosteo/kosteo-nextjs/node_modules/next/dist/compiled/webpack/webpack"' instead?
node_modules/next/dist/client/components/error-boundary.d.ts(1,8): error TS1259: Module '"C:/Users/rdpal/Universidad/Kosteo/Kosteo9th/BackendKosteo/VersionFinalKosteo/kosteo-nextjs/node_modules/@types/react/index"' can only be default-imported using the 'esModuleInterop' flag
node_modules/next/dist/client/components/http-access-fallback/error-boundary.d.ts(11,8): error TS1259: Module '"C:/Users/rdpal/Universidad/Kosteo/Kosteo9th/BackendKosteo/VersionFinalKosteo/kosteo-nextjs/node_modules/@types/react/index"' can only be default-imported using the 'esModuleInterop' flag
node_modules/next/dist/client/components/layout-router.d.ts(2,8): error TS1259: Module '"C:/Users/rdpal/Universidad/Kosteo/Kosteo9th/BackendKosteo/VersionFinalKosteo/kosteo-nextjs/node_modules/@types/react/index"' can only be default-imported using the 'esModuleInterop' flag
node_modules/next/dist/client/link.d.ts(1,8): error TS1259: Module '"C:/Users/rdpal/Universidad/Kosteo/Kosteo9th/BackendKosteo/VersionFinalKosteo/kosteo-nextjs/node_modules/@types/react/index"' can only be default-imported using the 'esModuleInterop' flag
node_modules/next/dist/client/with-router.d.ts(1,8): error TS1259: Module '"C:/Users/rdpal/Universidad/Kosteo/Kosteo9th/BackendKosteo/VersionFinalKosteo/kosteo-nextjs/node_modules/@types/react/index"' can only be default-imported using the 'esModuleInterop' flag
node_modules/next/dist/lib/metadata/metadata.d.ts(1,8): error TS1259: Module '"C:/Users/rdpal/Universidad/Kosteo/Kosteo9th/BackendKosteo/VersionFinalKosteo/kosteo-nextjs/node_modules/@types/react/index"' can only be default-imported using the 'esModuleInterop' flag
node_modules/next/dist/next-devtools/userspace/pages/pages-dev-overlay-setup.d.ts(1,8): error TS1259: Module '"C:/Users/rdpal/Universidad/Kosteo/Kosteo9th/BackendKosteo/VersionFinalKosteo/kosteo-nextjs/node_modules/@types/react/index"' can only be default-imported using the 'esModuleInterop' flag
node_modules/next/dist/server/app-render/entry-base.d.ts(1,114): error TS2307: Cannot find module 'react-server-dom-webpack/server' or its corresponding type declarations.
node_modules/next/dist/server/app-render/entry-base.d.ts(2,27): error TS2307: Cannot find module 'react-server-dom-webpack/static' or its corresponding type declarations.
node_modules/next/dist/server/web/spec-extension/adapters/headers.d.ts(39,16): error TS2304: Cannot find name 'HeadersIterator'.
node_modules/next/dist/server/web/spec-extension/adapters/headers.d.ts(40,13): error TS2304: Cannot find name 'HeadersIterator'.
node_modules/next/dist/server/web/spec-extension/adapters/headers.d.ts(41,15): error TS2304: Cannot find name 'HeadersIterator'.
node_modules/next/dist/server/web/spec-extension/adapters/headers.d.ts(42,26): error TS2304: Cannot find name 'HeadersIterator'.
node_modules/next/dist/shared/lib/app-router-context.shared-runtime.d.ts(4,8): error TS1259: Module '"C:/Users/rdpal/Universidad/Kosteo/Kosteo9th/BackendKosteo/VersionFinalKosteo/kosteo-nextjs/node_modules/@types/react/index"' can only be default-imported using the 'esModuleInterop' flag
node_modules/next/dist/shared/lib/app-router-types.d.ts(8,13): error TS1259: Module '"C:/Users/rdpal/Universidad/Kosteo/Kosteo9th/BackendKosteo/VersionFinalKosteo/kosteo-nextjs/node_modules/@types/react/index"' can only be default-imported using the 'esModuleInterop' flag
node_modules/next/dist/shared/lib/head-manager-context.shared-runtime.d.ts(1,8): error TS1259: Module '"C:/Users/rdpal/Universidad/Kosteo/Kosteo9th/BackendKosteo/VersionFinalKosteo/kosteo-nextjs/node_modules/@types/react/index"' can only be default-imported using the 'esModuleInterop' flag
node_modules/next/dist/shared/lib/image-config-context.shared-runtime.d.ts(1,8): error TS1259: Module '"C:/Users/rdpal/Universidad/Kosteo/Kosteo9th/BackendKosteo/VersionFinalKosteo/kosteo-nextjs/node_modules/@types/react/index"' can only be default-imported using the 'esModuleInterop' flag
node_modules/next/dist/shared/lib/loadable-context.shared-runtime.d.ts(1,8): error TS1259: Module '"C:/Users/rdpal/Universidad/Kosteo/Kosteo9th/BackendKosteo/VersionFinalKosteo/kosteo-nextjs/node_modules/@types/react/index"' can only be default-imported using the 'esModuleInterop' flag
node_modules/next/dist/shared/lib/loadable.shared-runtime.d.ts(21,8): error TS1259: Module '"C:/Users/rdpal/Universidad/Kosteo/Kosteo9th/BackendKosteo/VersionFinalKosteo/kosteo-nextjs/node_modules/@types/react/index"' can only be default-imported using the 'esModuleInterop' flag
node_modules/next/dist/shared/lib/router-context.shared-runtime.d.ts(1,8): error TS1259: Module '"C:/Users/rdpal/Universidad/Kosteo/Kosteo9th/BackendKosteo/VersionFinalKosteo/kosteo-nextjs/node_modules/@types/react/index"' can only be default-imported using the 'esModuleInterop' flag
node_modules/next/dist/shared/lib/server-inserted-html.shared-runtime.d.ts(1,8): error TS1259: Module '"C:/Users/rdpal/Universidad/Kosteo/Kosteo9th/BackendKosteo/VersionFinalKosteo/kosteo-nextjs/node_modules/@types/react/index"' can only be default-imported using the 'esModuleInterop' flag
node_modules/next/dist/shared/lib/utils.d.ts(10,13): error TS1192: Module '"fs"' has no default export.
